/already-defined-argument.rkt:3:14:error:identifier 'g' is already defined
/already-defined-argument.rkt:3:10:warning:identifier 'f' is never used
