/already-defined.rkt:4:9:error:identifier 'a' is already defined
/already-defined.rkt:5:10:error:identifier 'a' is already defined
/already-defined.rkt:6:11:error:identifier 'a' is already defined
/already-defined.rkt:7:12:error:identifier 'a' is already defined
/already-defined.rkt:3:9:warning:identifier 'a' is never used
