/binding-else-in-match.rkt:7:4:error:use _ instead of else in the fallthrough case of a match expression
