/component-lib-system.rkt:9:16:warning:identifier 'prod-system' is never used
