/define-syntax-rule.rkt:11:18:warning:identifier 'foo' is never used
