/define-match.rkt:5:18:warning:identifier 'x' is never used
