/if-without-else.rkt:3:1:error:if expressions must contain one expression for the then-branch and another for the else-branch
