/invalid-base-lang.rkt:1:1:error:standard-module-name-resolver: collection not found
