/lambda-usages.rkt:9:10:warning:identifier 'show' is never used
