/lambda-scope.rkt:12:12:warning:identifier 'b' is never used
