/let-can-shadow.rkt:3:10:warning:identifier 'a-page' is never used
