/Users/bogdan/sandbox/konmari/tests/lint/no-lang.rkt:1:0:warning:missing module (#lang) declaration
