/punted-bindings.rkt:16:14:warning:identifier 'show' is never used
