/rackunit-test-case.rkt:6:9:warning:identifier 'bar' is never used
