/require-unsorted.rkt:4:10:warning:require "racket/format" should come before "racket/string"
/require-unsorted.rkt:5:10:warning:require "racket/file" should come before "racket/format"
