/require-unsorted-for-syntax.rkt:4:10:warning:require (for-syntax ...) should come before all others
/require-unsorted-for-syntax.rkt:6:10:warning:require "racket/file" should come before "racket/format"
/require-unsorted-for-syntax.rkt:8:10:warning:require "a.rkt" should come before "b.rkt"
