/struct-mutable-field.rkt:9:2:error:identifier 'set-user-username!' provided but not defined
/struct-mutable-field.rkt:10:2:error:identifier 'user-password' provided but not defined
/struct-mutable-field.rkt:11:2:error:identifier 'set-user-password!' provided but not defined
