/Users/bogdan/sandbox/konmari/tests/lint/struct-plus-plus.rkt:8:2:error:identifier 'set-user-password' provided but not defined
