/struct.rkt:9:2:error:identifier 'user-password' provided but not defined
