/struct-fields.rkt:7:24:warning:identifier 'user-password' is never used
