/syntax-error.rkt:3:1:error:expected a `)` to close `(`
