/use-before-define.rkt:3:10:warning:identifier 'f' is never used
